Benchmarking POPSOM with 1000 points
Training POPSOM
Training done
Time taken:  3.537733316421509
Computing U-matrix
U-matrix computed
Time taken:  0.001238107681274414
Computing SOM projection
SOM projection computed
Time taken:  0.0016791820526123047
Computing centroids
Number of clusters
6
Centroids computed
Time taken:  0.001550912857055664
Computing cluster labels
0
100
200
300
400
500
600
700
800
900
Cluster labels computed
Time taken:  0.0031228065490722656
Total time taken:  3.5453410148620605
Benchmarking aweSOM with 1000 points
Training aweSOM
starting epoch is:  0
stopping epoch is:  1000
Saving lattice every  5  epochs
Begin training
Evaluating epoch =  0
Evaluating epoch =  100
Evaluating epoch =  200
Evaluating epoch =  300
Evaluating epoch =  400
Evaluating epoch =  500
Evaluating epoch =  600
Evaluating epoch =  700
Shrinking neighborhood size to 8 at epoch 750
Evaluating epoch =  800
Evaluating epoch =  900
Evaluating epoch =  1000
Terminating from step limit reached at epoch  1000
Training complete
Training done
Time taken:  5.825655698776245
Computing U-matrix
U-matrix computed
Time taken:  0.0003197193145751953
Computing SOM projection and centroids
Begin matching points with nodes
i =  600
i =  200
i =  0
i =  800
i =  700
i =  100
i =  900
i =  400
i =  500
i =  300
Number of unique centroids:  3
Minimum cost between centroids:  0.20336295628669143
Number of clusters : 3
Centroids:  [(np.int64(0), np.int64(3)), (np.int64(7), np.int64(0)), (np.int64(0), np.int64(0))]
SOM projection and centroids computed
Time taken:  3.9423019886016846
Computing cluster labels
Cluster labels computed
Time taken:  0.6328225135803223
Total time taken:  10.401122808456421
Ratio of time taken by aweSOM to POPSOM for N = 1000, F = 2 : 2.9337439656312156
---------------------------------------------------
Benchmarking POPSOM with 10000 points
Training POPSOM
Training done
Time taken:  4.479295253753662
Computing U-matrix
U-matrix computed
Time taken:  0.0018301010131835938
Computing SOM projection
SOM projection computed
Time taken:  0.010951042175292969
Computing centroids
Number of clusters
12
Centroids computed
Time taken:  0.008205175399780273
Computing cluster labels
0
1000
2000
3000
4000
5000
6000
7000
8000
9000
Cluster labels computed
Time taken:  0.03054499626159668
Total time taken:  4.530843019485474
Benchmarking aweSOM with 10000 points
Training aweSOM
starting epoch is:  0
stopping epoch is:  10000
Saving lattice every  50  epochs
Begin training
Evaluating epoch =  0
Evaluating epoch =  1000
Evaluating epoch =  2000
Evaluating epoch =  3000
Evaluating epoch =  4000
Evaluating epoch =  5000
Shrinking neighborhood size to 16 at epoch 5304
Shrinking neighborhood size to 15 at epoch 5616
Shrinking neighborhood size to 14 at epoch 5928
Evaluating epoch =  6000
Shrinking neighborhood size to 13 at epoch 6240
Shrinking neighborhood size to 12 at epoch 6552
Shrinking neighborhood size to 11 at epoch 6864
Evaluating epoch =  7000
Shrinking neighborhood size to 10 at epoch 7176
Shrinking neighborhood size to 9 at epoch 7488
Shrinking neighborhood size to 8 at epoch 7800
Evaluating epoch =  8000
Evaluating epoch =  9000
Evaluating epoch =  10000
Terminating from step limit reached at epoch  10000
Training complete
Training done
Time taken:  0.36533331871032715
Computing U-matrix
U-matrix computed
Time taken:  0.0005388259887695312
Computing SOM projection and centroids
Begin matching points with nodes
i =  0
i =  4000
i =  9000
i =  3000
i =  2000
i =  7000
i =  6000
i =  8000
i =  1000
i =  5000
Number of unique centroids:  8
Minimum cost between centroids:  0.05082367054458347
Number of clusters : 8
Centroids:  [(np.int64(4), np.int64(0)), (np.int64(0), np.int64(0)), (np.int64(7), np.int64(0)), (np.int64(13), np.int64(0)), (np.int64(0), np.int64(6)), (np.int64(14), np.int64(6)), (np.int64(12), np.int64(6)), (np.int64(6), np.int64(6))]
SOM projection and centroids computed
Time taken:  0.0375208854675293
Computing cluster labels
Cluster labels computed
Time taken:  0.008182287216186523
Total time taken:  0.41160154342651367
Ratio of time taken by aweSOM to POPSOM for N = 10000, F = 2 : 0.09084436199982393
---------------------------------------------------
Benchmarking POPSOM with 100000 points
Training POPSOM
Training done
Time taken:  53.065786838531494
Computing U-matrix
U-matrix computed
Time taken:  0.004868984222412109
Computing SOM projection
SOM projection computed
Time taken:  0.09977126121520996
Computing centroids
Number of clusters
36
Centroids computed
Time taken:  0.08891057968139648
Computing cluster labels
0
10000
20000
30000
40000
50000
60000
70000
80000
90000
Cluster labels computed
Time taken:  0.30478787422180176
Total time taken:  53.56414031982422
Benchmarking aweSOM with 100000 points
Training aweSOM
starting epoch is:  0
stopping epoch is:  100000
Saving lattice every  500  epochs
Begin training
Evaluating epoch =  0
Evaluating epoch =  10000
Evaluating epoch =  20000
Evaluating epoch =  30000
Evaluating epoch =  40000
Evaluating epoch =  50000
Shrinking neighborhood size to 27 at epoch 51250
Shrinking neighborhood size to 26 at epoch 52500
Shrinking neighborhood size to 25 at epoch 53750
Shrinking neighborhood size to 24 at epoch 55000
Shrinking neighborhood size to 23 at epoch 56250
Shrinking neighborhood size to 22 at epoch 57500
Shrinking neighborhood size to 21 at epoch 58750
Evaluating epoch =  60000
Shrinking neighborhood size to 20 at epoch 60000
Shrinking neighborhood size to 19 at epoch 61250
Shrinking neighborhood size to 18 at epoch 62500
Shrinking neighborhood size to 17 at epoch 63750
Shrinking neighborhood size to 16 at epoch 65000
Shrinking neighborhood size to 15 at epoch 66250
Shrinking neighborhood size to 14 at epoch 67500
Shrinking neighborhood size to 13 at epoch 68750
Evaluating epoch =  70000
Shrinking neighborhood size to 12 at epoch 70000
Shrinking neighborhood size to 11 at epoch 71250
Shrinking neighborhood size to 10 at epoch 72500
Shrinking neighborhood size to 9 at epoch 73750
Shrinking neighborhood size to 8 at epoch 75000
Evaluating epoch =  80000
Evaluating epoch =  90000
Evaluating epoch =  100000
Terminating from step limit reached at epoch  100000
Training complete
Training done
Time taken:  4.455466985702515
Computing U-matrix
U-matrix computed
Time taken:  0.0017044544219970703
Computing SOM projection and centroids
Begin matching points with nodes
i =  0
i =  90000
i =  80000
i =  60000
i =  70000
i =  10000
i =  50000
i =  30000
i =  40000
i =  20000
Number of unique centroids:  11
Minimum cost between centroids:  0.018243972908678047
Number of clusters : 11
Centroids:  [(np.int64(0), np.int64(0)), (np.int64(12), np.int64(0)), (np.int64(7), np.int64(0)), (np.int64(16), np.int64(6)), (np.int64(19), np.int64(0)), (np.int64(0), np.int64(12)), (np.int64(11), np.int64(12)), (np.int64(26), np.int64(0)), (np.int64(19), np.int64(12)), (np.int64(26), np.int64(12)), (np.int64(26), np.int64(2))]
SOM projection and centroids computed
Time taken:  0.05776810646057129
Computing cluster labels
Cluster labels computed
Time taken:  0.011461734771728516
Total time taken:  4.526416778564453
Ratio of time taken by aweSOM to POPSOM for N = 100000, F = 2 : 0.08450460982922217
---------------------------------------------------
Benchmarking POPSOM with 1000000 points
Training POPSOM
Training done
Time taken:  1581.657591342926
Computing U-matrix
U-matrix computed
Time taken:  0.0421595573425293
Computing SOM projection
SOM projection computed
Time taken:  1.0476624965667725
Computing centroids
Number of clusters
90
Centroids computed
Time taken:  1.343374490737915
Computing cluster labels
0
100000
200000
300000
400000
500000
600000
700000
800000
900000
Cluster labels computed
Time taken:  3.1113617420196533
Total time taken:  1587.2021822929382
Benchmarking aweSOM with 1000000 points
Training aweSOM
starting epoch is:  0
stopping epoch is:  1000000
Saving lattice every  5000  epochs
Begin training
Evaluating epoch =  0
Evaluating epoch =  100000
Evaluating epoch =  200000
Evaluating epoch =  300000
Evaluating epoch =  400000
Evaluating epoch =  500000
Shrinking neighborhood size to 49 at epoch 506051
Shrinking neighborhood size to 48 at epoch 512148
Shrinking neighborhood size to 47 at epoch 518245
Shrinking neighborhood size to 46 at epoch 524342
Shrinking neighborhood size to 45 at epoch 530439
Shrinking neighborhood size to 44 at epoch 536536
Shrinking neighborhood size to 43 at epoch 542633
Shrinking neighborhood size to 42 at epoch 548730
Shrinking neighborhood size to 41 at epoch 554827
Shrinking neighborhood size to 40 at epoch 560924
Shrinking neighborhood size to 39 at epoch 567021
Shrinking neighborhood size to 38 at epoch 573118
Shrinking neighborhood size to 37 at epoch 579215
Shrinking neighborhood size to 36 at epoch 585312
Shrinking neighborhood size to 35 at epoch 591409
Shrinking neighborhood size to 34 at epoch 597506
Evaluating epoch =  600000
Shrinking neighborhood size to 33 at epoch 603603
Shrinking neighborhood size to 32 at epoch 609700
Shrinking neighborhood size to 31 at epoch 615797
Shrinking neighborhood size to 30 at epoch 621894
Shrinking neighborhood size to 29 at epoch 627991
Shrinking neighborhood size to 28 at epoch 634088
Shrinking neighborhood size to 27 at epoch 640185
Shrinking neighborhood size to 26 at epoch 646282
Shrinking neighborhood size to 25 at epoch 652379
Shrinking neighborhood size to 24 at epoch 658476
Shrinking neighborhood size to 23 at epoch 664573
Shrinking neighborhood size to 22 at epoch 670670
Shrinking neighborhood size to 21 at epoch 676767
Shrinking neighborhood size to 20 at epoch 682864
Shrinking neighborhood size to 19 at epoch 688961
Shrinking neighborhood size to 18 at epoch 695058
Evaluating epoch =  700000
Shrinking neighborhood size to 17 at epoch 701155
Shrinking neighborhood size to 16 at epoch 707252
Shrinking neighborhood size to 15 at epoch 713349
Shrinking neighborhood size to 14 at epoch 719446
Shrinking neighborhood size to 13 at epoch 725543
Shrinking neighborhood size to 12 at epoch 731640
Shrinking neighborhood size to 11 at epoch 737737
Shrinking neighborhood size to 10 at epoch 743834
Shrinking neighborhood size to 9 at epoch 749931
Shrinking neighborhood size to 8 at epoch 756028
Evaluating epoch =  800000
Evaluating epoch =  900000
Evaluating epoch =  1000000
Terminating from step limit reached at epoch  1000000
Training complete
Training done
Time taken:  96.969083070755
Computing U-matrix
U-matrix computed
Time taken:  0.0309908390045166
Computing SOM projection and centroids
Begin matching points with nodes
i =  0
i =  300000
i =  900000
i =  400000
i =  200000
i =  600000
i =  800000
i =  700000
i =  500000
i =  100000
Number of unique centroids:  24
Minimum cost between centroids:  0.012511412854758769
Number of clusters : 24
Centroids:  [(np.int64(45), np.int64(7)), (np.int64(0), np.int64(23)), (np.int64(10), np.int64(15)), (np.int64(35), np.int64(8)), (np.int64(0), np.int64(20)), (np.int64(16), np.int64(10)), (np.int64(21), np.int64(0)), (np.int64(26), np.int64(14)), (np.int64(26), np.int64(23)), (np.int64(5), np.int64(0)), (np.int64(0), np.int64(13)), (np.int64(10), np.int64(23)), (np.int64(31), np.int64(0)), (np.int64(38), np.int64(21)), (np.int64(18), np.int64(21)), (np.int64(0), np.int64(0)), (np.int64(3), np.int64(23)), (np.int64(47), np.int64(17)), (np.int64(9), np.int64(6)), (np.int64(47), np.int64(23)), (np.int64(13), np.int64(0)), (np.int64(46), np.int64(0)), (np.int64(26), np.int64(0)), (np.int64(26), np.int64(3))]
SOM projection and centroids computed
Time taken:  0.29143428802490234
Computing cluster labels
Cluster labels computed
Time taken:  0.0067408084869384766
Total time taken:  97.29826498031616
Ratio of time taken by aweSOM to POPSOM for N = 1000000, F = 2 : 0.06130174596896978
---------------------------------------------------
Benchmarking POPSOM with 1000 points
Training POPSOM
Training done
Time taken:  0.33527493476867676
Computing U-matrix
U-matrix computed
Time taken:  0.0007157325744628906
Computing SOM projection
SOM projection computed
Time taken:  0.0016644001007080078
Computing centroids
Number of clusters
7
Centroids computed
Time taken:  0.0024094581604003906
Computing cluster labels
0
100
200
300
400
500
600
700
800
900
Cluster labels computed
Time taken:  0.003122091293334961
Total time taken:  0.3432013988494873
Benchmarking aweSOM with 1000 points
Training aweSOM
starting epoch is:  0
stopping epoch is:  1000
Saving lattice every  5  epochs
Begin training
Evaluating epoch =  0
Evaluating epoch =  100
Evaluating epoch =  200
Evaluating epoch =  300
Evaluating epoch =  400
Evaluating epoch =  500
Shrinking neighborhood size to 12 at epoch 558
Evaluating epoch =  600
Shrinking neighborhood size to 11 at epoch 620
Shrinking neighborhood size to 10 at epoch 682
Evaluating epoch =  700
Shrinking neighborhood size to 9 at epoch 744
Evaluating epoch =  800
Shrinking neighborhood size to 8 at epoch 806
Evaluating epoch =  900
Evaluating epoch =  1000
Terminating from step limit reached at epoch  1000
Training complete
Training done
Time taken:  0.10666203498840332
Computing U-matrix
U-matrix computed
Time taken:  0.0003733634948730469
Computing SOM projection and centroids
Begin matching points with nodes
i =  200
i =  0
i =  400
i =  600
i =  800
i =  100
i =  700
i =  900
i =  300
i =  500
Number of unique centroids:  7
Minimum cost between centroids:  0.1778578649430892
Number of clusters : 7
Centroids:  [(np.int64(0), np.int64(0)), (np.int64(10), np.int64(4)), (np.int64(5), np.int64(4)), (np.int64(0), np.int64(3)), (np.int64(7), np.int64(0)), (np.int64(3), np.int64(0)), (np.int64(10), np.int64(0))]
SOM projection and centroids computed
Time taken:  0.03841662406921387
Computing cluster labels
Cluster labels computed
Time taken:  0.00598597526550293
Total time taken:  0.15145325660705566
Ratio of time taken by aweSOM to POPSOM for N = 1000, F = 6 : 0.44129556905878536
---------------------------------------------------
Benchmarking POPSOM with 10000 points
Training POPSOM
Training done
Time taken:  4.291057825088501
Computing U-matrix
U-matrix computed
Time taken:  0.0018427371978759766
Computing SOM projection
SOM projection computed
Time taken:  0.010712385177612305
Computing centroids
Number of clusters
21
Centroids computed
Time taken:  0.019745588302612305
Computing cluster labels
0
1000
2000
3000
4000
5000
6000
7000
8000
9000
Cluster labels computed
Time taken:  0.03066086769104004
Total time taken:  4.354034423828125
Benchmarking aweSOM with 10000 points
Training aweSOM
starting epoch is:  0
stopping epoch is:  10000
Saving lattice every  50  epochs
Begin training
Evaluating epoch =  0
Evaluating epoch =  1000
Evaluating epoch =  2000
Evaluating epoch =  3000
Evaluating epoch =  4000
Evaluating epoch =  5000
Shrinking neighborhood size to 21 at epoch 5184
Shrinking neighborhood size to 20 at epoch 5376
Shrinking neighborhood size to 19 at epoch 5568
Shrinking neighborhood size to 18 at epoch 5760
Shrinking neighborhood size to 17 at epoch 5952
Evaluating epoch =  6000
Shrinking neighborhood size to 16 at epoch 6144
Shrinking neighborhood size to 15 at epoch 6336
Shrinking neighborhood size to 14 at epoch 6528
Shrinking neighborhood size to 13 at epoch 6720
Shrinking neighborhood size to 12 at epoch 6912
Evaluating epoch =  7000
Shrinking neighborhood size to 11 at epoch 7104
Shrinking neighborhood size to 10 at epoch 7296
Shrinking neighborhood size to 9 at epoch 7488
Shrinking neighborhood size to 8 at epoch 7680
Evaluating epoch =  8000
Evaluating epoch =  9000
Evaluating epoch =  10000
Terminating from step limit reached at epoch  10000
Training complete
Training done
Time taken:  0.538646936416626
Computing U-matrix
U-matrix computed
Time taken:  0.0009262561798095703
Computing SOM projection and centroids
Begin matching points with nodes
i =  0
i =  4000
i =  9000
i =  3000
i =  8000
i =  2000
i =  1000
i =  6000
i =  7000
i =  5000
Number of unique centroids:  12
Minimum cost between centroids:  0.04383256006452555
Number of clusters : 12
Centroids:  [(np.int64(6), np.int64(5)), (np.int64(0), np.int64(0)), (np.int64(2), np.int64(0)), (np.int64(13), np.int64(0)), (np.int64(19), np.int64(0)), (np.int64(17), np.int64(9)), (np.int64(13), np.int64(9)), (np.int64(19), np.int64(3)), (np.int64(19), np.int64(9)), (np.int64(0), np.int64(5)), (np.int64(5), np.int64(9)), (np.int64(17), np.int64(4))]
SOM projection and centroids computed
Time taken:  0.04732656478881836
Computing cluster labels
Cluster labels computed
Time taken:  0.0012803077697753906
Total time taken:  0.5881955623626709
Ratio of time taken by aweSOM to POPSOM for N = 10000, F = 6 : 0.135092079002334
---------------------------------------------------
Benchmarking POPSOM with 100000 points
Training POPSOM
Training done
Time taken:  62.3267707824707
Computing U-matrix
U-matrix computed
Time taken:  0.017423152923583984
Computing SOM projection
SOM projection computed
Time taken:  0.099700927734375
Computing centroids
Number of clusters
56
Centroids computed
Time taken:  0.3953249454498291
Computing cluster labels
0
10000
20000
30000
40000
50000
60000
70000
80000
90000
Cluster labels computed
Time taken:  0.3075089454650879
Total time taken:  63.14674401283264
Benchmarking aweSOM with 100000 points
Training aweSOM
starting epoch is:  0
stopping epoch is:  100000
Saving lattice every  500  epochs
Begin training
Evaluating epoch =  0
Evaluating epoch =  10000
Evaluating epoch =  20000
Evaluating epoch =  30000
Evaluating epoch =  40000
Evaluating epoch =  50000
Shrinking neighborhood size to 36 at epoch 50844
Shrinking neighborhood size to 35 at epoch 51736
Shrinking neighborhood size to 34 at epoch 52628
Shrinking neighborhood size to 33 at epoch 53520
Shrinking neighborhood size to 32 at epoch 54412
Shrinking neighborhood size to 31 at epoch 55304
Shrinking neighborhood size to 30 at epoch 56196
Shrinking neighborhood size to 29 at epoch 57088
Shrinking neighborhood size to 28 at epoch 57980
Shrinking neighborhood size to 27 at epoch 58872
Shrinking neighborhood size to 26 at epoch 59764
Evaluating epoch =  60000
Shrinking neighborhood size to 25 at epoch 60656
Shrinking neighborhood size to 24 at epoch 61548
Shrinking neighborhood size to 23 at epoch 62440
Shrinking neighborhood size to 22 at epoch 63332
Shrinking neighborhood size to 21 at epoch 64224
Shrinking neighborhood size to 20 at epoch 65116
Shrinking neighborhood size to 19 at epoch 66008
Shrinking neighborhood size to 18 at epoch 66900
Shrinking neighborhood size to 17 at epoch 67792
Shrinking neighborhood size to 16 at epoch 68684
Shrinking neighborhood size to 15 at epoch 69576
Evaluating epoch =  70000
Shrinking neighborhood size to 14 at epoch 70468
Shrinking neighborhood size to 13 at epoch 71360
Shrinking neighborhood size to 12 at epoch 72252
Shrinking neighborhood size to 11 at epoch 73144
Shrinking neighborhood size to 10 at epoch 74036
Shrinking neighborhood size to 9 at epoch 74928
Shrinking neighborhood size to 8 at epoch 75820
Evaluating epoch =  80000
Evaluating epoch =  90000
Evaluating epoch =  100000
Terminating from step limit reached at epoch  100000
Training complete
Training done
Time taken:  7.864906311035156
Computing U-matrix
U-matrix computed
Time taken:  0.008698225021362305
Computing SOM projection and centroids
Begin matching points with nodes
i =  70000
i =  0
i =  60000
i =  40000
i =  20000
i =  80000
i =  50000
i =  30000
i =  10000
i =  90000
Number of unique centroids:  20
Minimum cost between centroids:  0.03204715487412204
Number of clusters : 20
Centroids:  [(np.int64(31), np.int64(11)), (np.int64(14), np.int64(7)), (np.int64(8), np.int64(0)), (np.int64(30), np.int64(0)), (np.int64(0), np.int64(8)), (np.int64(34), np.int64(0)), (np.int64(34), np.int64(3)), (np.int64(34), np.int64(9)), (np.int64(17), np.int64(17)), (np.int64(28), np.int64(17)), (np.int64(10), np.int64(17)), (np.int64(22), np.int64(0)), (np.int64(27), np.int64(8)), (np.int64(34), np.int64(17)), (np.int64(0), np.int64(0)), (np.int64(10), np.int64(10)), (np.int64(15), np.int64(0)), (np.int64(26), np.int64(0)), (np.int64(0), np.int64(15)), (np.int64(25), np.int64(17))]
SOM projection and centroids computed
Time taken:  0.15956926345825195
Computing cluster labels
Cluster labels computed
Time taken:  0.006205320358276367
Total time taken:  8.039394855499268
Ratio of time taken by aweSOM to POPSOM for N = 100000, F = 6 : 0.1273128960357086
---------------------------------------------------
Benchmarking POPSOM with 1000000 points
Training POPSOM
